// Jest Snapshot v1, https://goo.gl/fbAQLP

exports[`<App /> renders correctly with subComponents mocked as string 1`] = `
<div
  className="MuiBox-root css-roynbj"
>
  <div
    className="MuiBox-root css-1jzuftr"
    data-testid="rulaub-root"
  >
    Navbar
    SideMenu
    <main
      className="css-1lnlcp9"
      data-testid="rulaub-main"
    >
      Calendar
      NewHolidayButton
    </main>
  </div>
  InfoPage
  SettingsDialog
</div>
`;
