// Jest Snapshot v1, https://goo.gl/fbAQLP

exports[`<CalendarColumnLabelsDayCell /> renders correctly 1`] = `
<div
  className="MuiBox-root css-6czgv6"
  style={
    Object {
      "height": -1,
      "left": 4,
      "top": 5,
      "width": 2,
    }
  }
>
  <p
    className="MuiTypography-root MuiTypography-body2 MuiTypography-alignCenter css-1ns5xdl-MuiTypography-root"
  >
    Th
  </p>
</div>
`;
