// Jest Snapshot v1, https://goo.gl/fbAQLP

exports[`<CalendarStartPage /> renders correctly 1`] = `
<div
  className="MuiBox-root css-xi606m"
>
  <h4
    className="MuiTypography-root MuiTypography-h4 css-vhedur-MuiTypography-root"
  >
    No year to show selected.
  </h4>
  <div
    className="MuiFormControl-root MuiTextField-root css-1u3bzj6-MuiFormControl-root-MuiTextField-root"
  >
    <div
      className="MuiOutlinedInput-root MuiInputBase-root MuiInputBase-colorPrimary MuiInputBase-formControl css-9ddj71-MuiInputBase-root-MuiOutlinedInput-root"
      onClick={[Function]}
    >
      <input
        aria-invalid={false}
        aria-label="Choose date, selected date is Sep 10, 2021"
        aria-readonly={true}
        autoFocus={false}
        className="MuiOutlinedInput-input MuiInputBase-input css-1t8l2tu-MuiInputBase-input-MuiOutlinedInput-input"
        onAnimationStart={[Function]}
        onBlur={[Function]}
        onChange={[Function]}
        onClick={[Function]}
        onFocus={[Function]}
        onKeyDown={[Function]}
        readOnly={true}
        required={false}
        type="text"
        value="2021"
      />
      <fieldset
        aria-hidden={true}
        className="MuiOutlinedInput-notchedOutline css-1d3z3hw-MuiOutlinedInput-notchedOutline"
      >
        <legend
          className="css-1a1ihhj"
        >
          <span
            className="notranslate"
            dangerouslySetInnerHTML={
              Object {
                "__html": "&#8203;",
              }
            }
          />
        </legend>
      </fieldset>
    </div>
  </div>
</div>
`;
