// Jest Snapshot v1, https://goo.gl/fbAQLP

exports[`<CalendarColumnLabelsMonthCell /> renders correctly 1`] = `
<div
  className="MuiBox-root css-1ge3q6u"
  style={
    Object {
      "height": 1,
      "left": 4,
      "top": 3,
      "width": 2,
    }
  }
>
  <div
    className="MuiTypography-root MuiTypography-h5 MuiTypography-alignLeft css-tvtibg-MuiTypography-root"
  >
    February
  </div>
  <div
    className="MuiTypography-root MuiTypography-h5 MuiTypography-alignCenter css-do31sq-MuiTypography-root"
  >
    February
  </div>
  <div
    className="MuiTypography-root MuiTypography-h5 MuiTypography-alignRight css-12q22bs-MuiTypography-root"
  >
    February
  </div>
</div>
`;
