// Jest Snapshot v1, https://goo.gl/fbAQLP

exports[`<CalendarColumnLabelsMonth /> renders correctly with subComponents mocked as string 1`] = `
<div
  className="css-k3qsep"
>
  <div
    onScroll={[Function]}
    style={
      Object {
        "WebkitOverflowScrolling": "touch",
        "direction": "ltr",
        "height": 35,
        "overflow": "hidden",
        "position": "relative",
        "width": -255,
        "willChange": "transform",
      }
    }
  >
    multigridInnerElementType
  </div>
</div>
`;
