// Jest Snapshot v1, https://goo.gl/fbAQLP

exports[`<CalendarBody /> renders correctly with subComponents mocked as string 1`] = `
<div
  className="css-1rr1d02"
>
  <div
    onScroll={[Function]}
    style={
      Object {
        "WebkitOverflowScrolling": "touch",
        "direction": "ltr",
        "height": -107,
        "overflow": "auto",
        "position": "relative",
        "width": -249,
        "willChange": "transform",
      }
    }
  >
    multigridInnerElementType
  </div>
</div>
`;
