// Jest Snapshot v1, https://goo.gl/fbAQLP

exports[`<CalendarRowLabelsUserCell /> renders correctly 1`] = `
<div
  className="MuiBox-root css-1ge3q6u"
  style={
    Object {
      "height": -1,
      "left": 2,
      "top": 5,
      "width": 4,
    }
  }
>
  <p
    className="MuiTypography-root MuiTypography-body1 MuiTypography-noWrap css-1qr43t8-MuiTypography-root"
  >
    HP Second
  </p>
</div>
`;
