// Jest Snapshot v1, https://goo.gl/fbAQLP

exports[`CalendarColumnLabelsMonth component renders correctly with string-mocked subComponents 1`] = `
<div
  className="makeStyles-multigridColumnLabels-17"
  onScroll={[Function]}
  style={
    Object {
      "WebkitOverflowScrolling": "touch",
      "direction": "ltr",
      "height": 35,
      "overflow": "hidden",
      "position": "relative",
      "width": -255,
      "willChange": "transform",
    }
  }
>
  multigridInnerElementType
</div>
`;
