// Jest Snapshot v1, https://goo.gl/fbAQLP

exports[`<CalendarTableHeadCell /> renders correctly 1`] = `
<div
  className="MuiBox-root css-1ge3q6u"
  style={
    Object {
      "height": 1,
      "left": 2,
      "top": 3,
      "width": "100%",
    }
  }
>
  <div
    className="MuiTypography-root MuiTypography-h3 MuiTypography-alignCenter css-112kzpp-MuiTypography-root"
  >
    1
  </div>
</div>
`;
