// Jest Snapshot v1, https://goo.gl/fbAQLP

exports[`<CalendarColumnLabelsDay /> renders correctly with subComponents mocked as string 1`] = `
<div
  className="css-1mggg5w"
>
  <div
    onScroll={[Function]}
    style={
      Object {
        "WebkitOverflowScrolling": "touch",
        "direction": "ltr",
        "height": 74,
        "overflow": "hidden",
        "position": "relative",
        "width": -249,
        "willChange": "transform",
      }
    }
  >
    multigridInnerElementType
  </div>
</div>
`;
