// Jest Snapshot v1, https://goo.gl/fbAQLP

exports[`<Calendar /> renders correctly year to show and with subComponents mocked as string 1`] = `
<div
  style={
    Object {
      "height": 0,
      "overflow": "visible",
      "width": 0,
    }
  }
/>
`;

exports[`<Calendar /> renders dummy page without year to show set 1`] = `"CalendarStartPage"`;
