// Jest Snapshot v1, https://goo.gl/fbAQLP

exports[`<LanguageMenuButton /> renders correctly 1`] = `
<li
  className="MuiMenuItem-root MuiMenuItem-gutters Mui-selected MuiButtonBase-root css-kk1bwy-MuiButtonBase-root-MuiMenuItem-root"
  onBlur={[Function]}
  onClick={[Function]}
  onContextMenu={[Function]}
  onDragLeave={[Function]}
  onFocus={[Function]}
  onKeyDown={[Function]}
  onKeyUp={[Function]}
  onMouseDown={[Function]}
  onMouseLeave={[Function]}
  onMouseUp={[Function]}
  onTouchEnd={[Function]}
  onTouchMove={[Function]}
  onTouchStart={[Function]}
  role="menuitem"
  selected={true}
  tabIndex={-1}
>
  English
</li>
`;
