// Jest Snapshot v1, https://goo.gl/fbAQLP

exports[`NewHolidayButton component renders correctly 1`] = `
<button
  aria-describedby={null}
  className="MuiButtonBase-root MuiFab-root makeStyles-newHolidayButton-10 MuiFab-primary"
  data-testid="new-holiday-fab"
  disabled={false}
  onBlur={[Function]}
  onDragLeave={[Function]}
  onFocus={[Function]}
  onKeyDown={[Function]}
  onKeyUp={[Function]}
  onMouseDown={[Function]}
  onMouseLeave={[Function]}
  onMouseOver={[Function]}
  onMouseUp={[Function]}
  onTouchEnd={[Function]}
  onTouchMove={[Function]}
  onTouchStart={[Function]}
  tabIndex={0}
  title="Add new Holiday"
  type="button"
>
  <span
    className="MuiFab-label"
  >
    <svg
      aria-hidden={true}
      className="MuiSvgIcon-root"
      focusable="false"
      viewBox="0 0 24 24"
    >
      <path
        d="M19 13h-6v6h-2v-6H5v-2h6V5h2v6h6v2z"
      />
    </svg>
  </span>
  <span
    className="MuiTouchRipple-root"
  />
</button>
`;
